// Jest Snapshot v1, https://goo.gl/fbAQLP

exports[`Label should filter and select key suggestions when negation used 1`] = `
[
  "Label",
]
`;

exports[`Label should filter and select suggestions 1`] = `
[
  "a11y",
  "a11y (sev 1)",
]
`;

exports[`Label should filter and select suggestions when added in the end of multiple values 1`] = `
[
  "team:engineering",
]
`;

exports[`Label should filter and select suggestions when added in the middle of multiple values 1`] = `
[
  "team:engineering",
]
`;

exports[`Label should filter and select suggestions when added in the start of multiple values 1`] = `
[
  "team:engineering",
]
`;

exports[`Label should filter and select suggestions when input contains multiple colons 1`] = `
[
  "team:engineering",
]
`;

exports[`Label should filter and select suggestions when input ends with colon 1`] = `
[
  "team:engineering",
]
`;

exports[`Label should filter and select suggestions when label contains custom emoji 1`] = `
[
  "
      GitHub üòÑ",
]
`;

exports[`Label should filter and select suggestions when label contains emoji 1`] = `
[
  "üêõ bug",
]
`;

exports[`Label should filter and select suggestions when multiple blocks 1`] = `
[
  "team:engineering",
]
`;
