// Jest Snapshot v1, https://goo.gl/fbAQLP

exports[`Language should filter and select suggestions based on name 1`] = `
[
  "Java",
  "JavaScript",
]
`;

exports[`Language should filter and select suggestions when added in the start of multiple values 1`] = `
[
  "Java",
  "JavaScript",
]
`;
