// Jest Snapshot v1, https://goo.gl/fbAQLP

exports[`Milestone should filter and select suggestions based on name 1`] = `
[
  "Alphagithub/github",
]
`;

exports[`Milestone should filter and select suggestions when added in the start of multiple values 1`] = `
[
  "Alphagithub/github",
]
`;
