// Jest Snapshot v1, https://goo.gl/fbAQLP

exports[`Org should filter and select suggestions based on name 1`] = `
[
  "microsoftlogin-microsoft",
]
`;

exports[`Org should filter and select suggestions when added in the start of multiple values 1`] = `
[
  "microsoftlogin-microsoft",
]
`;
