// Jest Snapshot v1, https://goo.gl/fbAQLP

exports[`Project should filter and select suggestions based on slug 1`] = `
[
  "almaleksia's memexgithub/2169",
]
`;

exports[`Project should filter and select suggestions based on title 1`] = `
[
  "(Test) Services Delivery Onboarding Frameworkgithub/2493",
  "Project Silkgithub/8800",
]
`;
