// Jest Snapshot v1, https://goo.gl/fbAQLP

exports[`Sort should filter and select suggestions 1`] = `
[
  "Recently updated",
  "Least recently updated",
]
`;

exports[`Sort should not support aliases by default 1`] = `
[
  "Recently updated",
  "Least recently updated",
]
`;

exports[`Sort should support aliases when matching enabled 1`] = `
[
  "Recently updated",
  "Least recently updated",
]
`;
