// Jest Snapshot v1, https://goo.gl/fbAQLP

exports[`Archived should filter and select suggestions based on name 1`] = `
[
  "True",
]
`;

exports[`Comments should filter and select suggestions based on name 1`] = `
[
  "Less than 10",
]
`;

exports[`Draft should filter and select suggestions based on name 1`] = `
[
  "True",
]
`;

exports[`Interactions should filter and select suggestions based on name 1`] = `
[
  "Less than 10",
]
`;

exports[`Is should filter and select suggestions based on name 1`] = `
[
  "Issue",
]
`;

exports[`Linked should filter and select suggestions based on name 1`] = `
[
  "Pull Request",
]
`;

exports[`Reactions should filter and select suggestions based on name 1`] = `
[
  "Less than 10",
]
`;

exports[`Reason should filter and select suggestions based on name 1`] = `
[
  "Completed",
]
`;

exports[`Review should filter and select suggestions based on name 1`] = `
[
  "No reviews",
]
`;
