// Jest Snapshot v1, https://goo.gl/fbAQLP

exports[`Team should filter and select suggestions based on name 1`] = `
[
  "planning-trackinggithub/planning-tracking",
]
`;

exports[`Team should filter and select suggestions when added in the start of multiple values 1`] = `
[
  "planning-trackinggithub/planning-tracking",
]
`;
