// Jest Snapshot v1, https://goo.gl/fbAQLP

exports[`Assignee should filter and select suggestions based on name 1`] = `
[
  "dusaveDustin Savery",
  "evilDusaveEvil Dustin Savery",
]
`;

exports[`Assignee should filter and select suggestions when added in the start of multiple values 1`] = `
[
  "dusaveDustin Savery",
  "evilDusaveEvil Dustin Savery",
]
`;

exports[`Author should filter and select suggestions based on name 1`] = `
[
  "dusaveDustin Savery",
  "evilDusaveEvil Dustin Savery",
]
`;

exports[`Commenter should filter and select suggestions based on name 1`] = `
[
  "dusaveDustin Savery",
  "evilDusaveEvil Dustin Savery",
]
`;

exports[`Involves should filter and select suggestions based on name 1`] = `
[
  "dusaveDustin Savery",
  "evilDusaveEvil Dustin Savery",
]
`;

exports[`Mentions should filter and select suggestions based on name 1`] = `
[
  "dusaveDustin Savery",
  "evilDusaveEvil Dustin Savery",
]
`;

exports[`ReviewedBy should filter and select suggestions based on name 1`] = `
[
  "dusaveDustin Savery",
  "evilDusaveEvil Dustin Savery",
]
`;

exports[`ReviewedRequested should filter and select suggestions based on name 1`] = `
[
  "dusaveDustin Savery",
  "evilDusaveEvil Dustin Savery",
]
`;

exports[`User should filter and select suggestions based on name 1`] = `
[
  "dusaveDustin Savery",
  "evilDusaveEvil Dustin Savery",
]
`;

exports[`UserReviewRequested should filter and select suggestions based on name 1`] = `
[
  "dusaveDustin Savery",
  "evilDusaveEvil Dustin Savery",
]
`;
