// Jest Snapshot v1, https://goo.gl/fbAQLP

exports[`Externally Controlled Filter should not show the suggestions menu if the input is not focused 1`] = `
[
  "Open",
  "Closed",
]
`;
