// Jest Snapshot v1, https://goo.gl/fbAQLP

exports[`Filter Events should trigger the onSubmit callback on "Enter" when a filter value suggestion is not selected 1`] = `
[
  "State",
  "Status",
]
`;

exports[`Filter Events should trigger the onSubmit callback on "Enter" when a filter value suggestion is selected 1`] = `
[
  "State",
  "Status",
]
`;

exports[`Filter Events should trigger the onSubmit callback on "Enter" when a filter value suggestion is selected 2`] = `
[
  "Open",
  "Closed",
  "Merged",
  "Draft",
]
`;
