[{:children=>[20210826184458, 20211130142259, 20230223164004], :dependencies=>[], :id=>"root", :kind=>"meta"}, {:children=>[20210928190124], :dependencies=>["root"], :id=>20210826184458, :kind=>"migration"}, {:children=>[20211201092419], :dependencies=>["root"], :id=>20211130142259, :kind=>"transition"}, {:children=>[20230228204622], :dependencies=>["root"], :id=>20230223164004, :kind=>"transition"}, {:children=>[20220303123224], :dependencies=>[20210826184458], :id=>20210928190124, :kind=>"migration"}, {:children=>[20211206155530], :dependencies=>[20211130142259], :id=>20211201092419, :kind=>"transition"}, {:children=>[20230306222557], :dependencies=>[20230223164004], :id=>20230228204622, :kind=>"transition"}, {:children=>[20230103230146], :dependencies=>[20210928190124], :id=>20220303123224, :kind=>"migration"}, {:children=>[20211216093044], :dependencies=>[20211130142259, 20211201092419], :id=>20211206155530, :kind=>"transition"}, {:children=>[20230308001159], :dependencies=>[20230228204622], :id=>20230306222557, :kind=>"transition"}, {:children=>[], :dependencies=>[20220303123224], :id=>20230103230146, :kind=>"migration"}, {:children=>[], :dependencies=>[20211206155530, 20211201092419], :id=>20211216093044, :kind=>"transition"}, {:children=>[20230601041124], :dependencies=>[20230306222557], :id=>20230308001159, :kind=>"transition"}, {:children=>[20230608173417], :dependencies=>[20230308001159], :id=>20230601041124, :kind=>"transition"}, {:children=>[], :dependencies=>[20230601041124], :id=>20230608173417, :kind=>"transition"}]
